Time Saved: 18/min
Money Saved: 0.45$
